*** Using Compiler 'V5.06 update 7 (build 960)', folder: 'D:\Program Files (x86)\KEIL\MDK\ARM\ARMCC\Bin'
Rebuild target 'Temolate'
assembling startup_stm32f101xb.s...
compiling stm32f1xx_hal.c...
compiling stm32f1xx_hal_gpio_ex.c...
compiling stm32f1xx_hal_cortex.c...
compiling sys.c...
compiling stm32f1xx_hal_iwdg.c...
compiling delay.c...
compiling main.c...
compiling stm32f1xx_hal_exti.c...
compiling stm32f1xx_hal_rcc_ex.c...
compiling stm32f1xx_it.c...
compiling system_stm32f1xx.c...
compiling stm32f1xx_hal_gpio.c...
compiling stm32f1xx_hal_rcc.c...
compiling stm32f1xx_hal_dma.c...
compiling OLED_Data.c...
compiling stm32f1xx_hal_tim.c...
compiling cJSON.c...
..\..\Middlewares\OneNet_MQTT\cJSON.c(55): warning:  #1293-D: assignment in condition
        if (!(copy = (char*)cJSON_malloc(len))) return 0;
..\..\Middlewares\OneNet_MQTT\cJSON.c(278): warning:  #1293-D: assignment in condition
  	ptr=str;while ((token=*ptr) && ++len) {if (strchr("\"\\\b\f\n\r\t",token)) len++; else if (token<32) len+=5;ptr++;}
..\..\Middlewares\OneNet_MQTT\cJSON.c(352): warning:  #111-D: statement is unreachable
  	return p.buffer;
..\..\Middlewares\OneNet_MQTT\cJSON.c(423): warning:  #1293-D: assignment in condition
  		if (!(new_item=cJSON_New_Item())) return 0; 	/* memory fail */
..\..\Middlewares\OneNet_MQTT\cJSON.c(535): warning:  #1293-D: assignment in condition
  		if (!(new_item=cJSON_New_Item()))	return 0; /* memory fail */
..\..\Middlewares\OneNet_MQTT\cJSON.c: 5 warnings, 0 errors
compiling stm32f1xx_hal_tim_ex.c...
compiling MqttKit.c...
compiling stm32f1xx_hal_uart.c...
compiling stm32f1xx_hal_usart.c...
compiling stm32f1xx_hal_adc.c...
compiling stm32f1xx_hal_adc_ex.c...
compiling KEY.c...
compiling Zigbee.c...
compiling ESP_01S.c...
compiling Buzzer.c...
compiling OLED.c...
compiling EnvProto.c...
compiling MenuFramework.c...
compiling Menu.c...
compiling stm32f1xx_hal_i2c.c...
compiling onenet.c...
linking...
Program Size: Code=46534 RO-data=4030 RW-data=264 ZI-data=19216  
FromELF: creating hex file...
"..\..\Output\Objects\Project.axf" - 0 Error(s), 5 Warning(s).
Build Time Elapsed:  00:00:03
