*** Using Compiler 'V5.06 update 7 (build 960)', folder: 'D:\Program Files (x86)\KEIL\MDK\ARM\ARMCC\Bin'
Rebuild target 'Temolate'
assembling startup_stm32f101xb.s...
compiling delay.c...
compiling main.c...
compiling system_stm32f1xx.c...
compiling stm32f1xx_hal_gpio.c...
compiling stm32f1xx_hal_rcc_ex.c...
compiling sys.c...
compiling stm32f1xx_hal_gpio_ex.c...
compiling stm32f1xx_hal_cortex.c...
compiling stm32f1xx_hal_iwdg.c...
compiling stm32f1xx_hal_exti.c...
compiling stm32f1xx_hal.c...
compiling stm32f1xx_it.c...
compiling stm32f1xx_hal_rcc.c...
compiling stm32f1xx_hal_dma.c...
compiling OLED_Data.c...
compiling stm32f1xx_hal_tim.c...
compiling stm32f1xx_hal_uart.c...
compiling stm32f1xx_hal_tim_ex.c...
compiling stm32f1xx_hal_usart.c...
compiling BUZZER.c...
..\..\Drivers\Hardware\BUZZER\BUZZER.c(48): warning:  #1-D: last line of file ends without a newline
  }
..\..\Drivers\Hardware\BUZZER\BUZZER.c: 1 warning, 0 errors
compiling KEY.c...
compiling ESP_01S.c...
compiling stm32f1xx_hal_adc_ex.c...
compiling stm32f1xx_hal_adc.c...
compiling DC01.c...
compiling DECIBEL.c...
compiling AZDM01.c...
compiling DHT11.c...
compiling OLED.c...
compiling stm32f1xx_hal_i2c.c...
compiling Menu.c...
compiling MenuFramework.c...
linking...
Program Size: Code=18324 RO-data=3228 RW-data=128 ZI-data=5504  
FromELF: creating hex file...
"..\..\Output\Objects\Project.axf" - 0 Error(s), 1 Warning(s).
Build Time Elapsed:  00:00:04
