*** Using Compiler 'V5.06 update 7 (build 960)', folder: 'D:\Program Files (x86)\KEIL\MDK\ARM\ARMCC\Bin'
Rebuild target 'Temolate'
assembling startup_stm32f101xb.s...
compiling stm32f1xx_hal_iwdg.c...
compiling stm32f1xx_hal_rcc_ex.c...
compiling delay.c...
compiling stm32f1xx_hal.c...
compiling sys.c...
compiling system_stm32f1xx.c...
compiling stm32f1xx_hal_cortex.c...
compiling stm32f1xx_hal_gpio_ex.c...
compiling stm32f1xx_hal_exti.c...
compiling stm32f1xx_it.c...
compiling stm32f1xx_hal_gpio.c...
compiling main.c...
compiling stm32f1xx_hal_dma.c...
compiling stm32f1xx_hal_rcc.c...
compiling OLED_Data.c...
compiling stm32f1xx_hal_tim.c...
compiling stm32f1xx_hal_tim_ex.c...
compiling stm32f1xx_hal_uart.c...
compiling stm32f1xx_hal_usart.c...
compiling stm32f1xx_hal_adc_ex.c...
compiling stm32f1xx_hal_adc.c...
compiling KEY.c...
compiling Buzzer.c...
compiling Actuators.c...
compiling ADC_Sensors.c...
compiling DHT11.c...
compiling HX711_WeighingModule.c...
compiling MqttKit.c...
compiling OLED.c...
compiling HC_SR04.c...
compiling JQ8400.c...
compiling stm32f1xx_hal_i2c.c...
compiling Servo.c...
compiling MenuFramework.c...
compiling AirM2M_4G.c...
compiling onenet.c...
compiling PetFeeder.c...
linking...
Program Size: Code=42190 RO-data=3358 RW-data=236 ZI-data=17332  
FromELF: creating hex file...
"..\..\Output\Objects\Project.axf" - 0 Error(s), 0 Warning(s).
Build Time Elapsed:  00:00:03
