*** Using Compiler 'V5.06 update 7 (build 960)', folder: 'D:\Program Files (x86)\KEIL\MDK\ARM\ARMCC\Bin'
Rebuild target 'Template'
assembling startup_stm32f407xx.s...
compiling main.c...
compiling app_ui_font.c...
compiling stm32f4xx_hal_cortex.c...
compiling usart.c...
compiling system_stm32f4xx.c...
compiling sys.c...
compiling stm32f4xx_hal_dma.c...
compiling stm32f4xx_hal_rcc_ex.c...
compiling delay.c...
compiling stm32f4xx_it.c...
compiling stm32f4xx_hal.c...
compiling stm32f4xx_hal_gpio.c...
compiling stm32f4xx_hal_rcc.c...
compiling stm32f4xx_hal_uart.c...
compiling locker_app.c...
..\Users\locker_app.c(164): warning:  #177-D: variable "s_tcpHelloSent"  was declared but never referenced
  static uint8_t s_tcpHelloSent = 0U;
..\Users\locker_app.c(166): warning:  #550-D: variable "s_exportIndex"  was set but never used
  static uint16_t s_exportIndex = 0U;
..\Users\locker_app.c(185): warning:  #550-D: variable "s_tcpQueueOverflow"  was set but never used
  static uint8_t s_tcpQueueOverflow = 0U;
..\Users\locker_app.c(1456): warning:  #177-D: function "App_ResetTcpProtocolState"  was declared but never referenced
  static void App_ResetTcpProtocolState(void)
..\Users\locker_app.c(1489): warning:  #177-D: function "App_DequeueTcpCommand"  was declared but never referenced
  static uint8_t App_DequeueTcpCommand(TcpCommand_t *cmd)
..\Users\locker_app.c(1588): warning:  #177-D: function "App_OnTcpPacket"  was declared but never referenced
  static void App_OnTcpPacket(ESP_DataPacket_t *packet)
..\Users\locker_app.c(1760): warning:  #177-D: function "App_SendHello"  was declared but never referenced
  static void App_SendHello(void)
..\Users\locker_app.c(1841): warning:  #177-D: function "App_SendRecord"  was declared but never referenced
  static void App_SendRecord(const LockerRecord_t *rec)
..\Users\locker_app.c(1876): warning:  #177-D: function "App_SendExportDone"  was declared but never referenced
  static void App_SendExportDone(void)
..\Users\locker_app.c(2426): warning:  #177-D: function "App_ProcessTcpCommand"  was declared but never referenced
  static void App_ProcessTcpCommand(const TcpCommand_t *cmd)
..\Users\locker_app.c: 10 warnings, 0 errors
compiling Relay.c...
compiling KEY.c...
compiling stm32f4xx_hal_dma_ex.c...
compiling stm32f4xx_hal_i2c_ex.c...
compiling Buzzer.c...
compiling Matrix_Keypad.c...
compiling TFT_Data.c...
compiling AT24C256.c...
compiling FM225.c...
compiling PCF8563.c...
compiling MqttKit.c...
compiling ESP_01S.c...
compiling stm32f4xx_hal_usart.c...
compiling cJSON.c...
..\Middleware\OneNet_MQTT\cJSON.c(55): warning:  #1293-D: assignment in condition
        if (!(copy = (char*)cJSON_malloc(len))) return 0;
..\Middleware\OneNet_MQTT\cJSON.c(278): warning:  #1293-D: assignment in condition
  	ptr=str;while ((token=*ptr) && ++len) {if (strchr("\"\\\b\f\n\r\t",token)) len++; else if (token<32) len+=5;ptr++;}
..\Middleware\OneNet_MQTT\cJSON.c(352): warning:  #111-D: statement is unreachable
  	return p.buffer;
..\Middleware\OneNet_MQTT\cJSON.c(423): warning:  #1293-D: assignment in condition
  		if (!(new_item=cJSON_New_Item())) return 0; 	/* memory fail */
..\Middleware\OneNet_MQTT\cJSON.c(535): warning:  #1293-D: assignment in condition
  		if (!(new_item=cJSON_New_Item()))	return 0; /* memory fail */
..\Middleware\OneNet_MQTT\cJSON.c: 5 warnings, 0 errors
compiling stm32f4xx_hal_tim_ex.c...
compiling stm32f4xx_hal_spi.c...
compiling stm32f4xx_hal_tim.c...
compiling stm32f4xx_hal_i2c.c...
compiling TFT_ST7735.c...
compiling onenet.c...
linking...
Program Size: Code=71144 RO-data=14592 RW-data=496 ZI-data=16968  
FromELF: creating hex file...
"..\Output\Objects\Project.axf" - 0 Error(s), 15 Warning(s).
Build Time Elapsed:  00:00:11
