[2023- 7- 5  9:27:27][  79][    cpp|CBaseLog::LogOpenFile]---[13012:15332]日志系统初始化成功.
[2023- 7- 5 11:40: 3][ 171][    og.cpp|CBaseLog::LogClose]---[13012:15332]日志关闭

[2023- 7- 5 11:40:13][  79][    cpp|CBaseLog::LogOpenFile]---[16076:16824]日志系统初始化成功.
[2023- 7- 5 11:41:57][ 171][    og.cpp|CBaseLog::LogClose]---[16076:16824]日志关闭

[2023- 7- 5 11:42: 9][  79][    cpp|CBaseLog::LogOpenFile]---[18116:11600]日志系统初始化成功.
[2023- 7- 5 18:24:42][ 171][    og.cpp|CBaseLog::LogClose]---[18116:11600]日志关闭

[2023- 7- 5 18:24:49][  79][    cpp|CBaseLog::LogOpenFile]---[18596:14700]日志系统初始化成功.
[2023- 7- 6  9:44: 6][ 171][    og.cpp|CBaseLog::LogClose]---[18596:14700]日志关闭

[2023- 7- 6  9:44:10][  79][    cpp|CBaseLog::LogOpenFile]---[24224:22180]日志系统初始化成功.
[2023- 7- 6 17:20:56][ 171][    og.cpp|CBaseLog::LogClose]---[24224:22180]日志关闭

[2023- 7- 6 17:21:46][  79][    cpp|CBaseLog::LogOpenFile]---[20216:24792]日志系统初始化成功.
[2023- 7- 6 19:14:23][ 171][    og.cpp|CBaseLog::LogClose]---[20216:24792]日志关闭

[2023- 7- 6 19:14:31][  79][    cpp|CBaseLog::LogOpenFile]---[27760:14752]日志系统初始化成功.
[2023- 7- 7 10:26:13][ 171][    og.cpp|CBaseLog::LogClose]---[27760:14752]日志关闭

[2023- 7- 7 10:52:58][  79][    cpp|CBaseLog::LogOpenFile]---[36296:37420]日志系统初始化成功.
[2023- 7- 7 14:21:58][ 171][    og.cpp|CBaseLog::LogClose]---[36296:37420]日志关闭

[2023- 7-22 14:59:49][  79][    cpp|CBaseLog::LogOpenFile]---[15848:25700]日志系统初始化成功.
[2023- 7-25 11:14:26][ 171][    og.cpp|CBaseLog::LogClose]---[15848:22772]日志关闭

[2023- 7-25 11:14:37][  79][    cpp|CBaseLog::LogOpenFile]---[60152:56580]日志系统初始化成功.
[2023- 7-25 12:13:13][ 171][    og.cpp|CBaseLog::LogClose]---[60152:56580]日志关闭

[2023- 7-25 12:13:15][  79][    cpp|CBaseLog::LogOpenFile]---[64080:59968]日志系统初始化成功.
[2023- 7-25 12:13:32][ 171][    og.cpp|CBaseLog::LogClose]---[64080:59968]日志关闭

[2023- 7-25 12:13:38][  79][    cpp|CBaseLog::LogOpenFile]---[55340:58920]日志系统初始化成功.
[2023- 7-25 12:13:44][ 171][    og.cpp|CBaseLog::LogClose]---[55340:58920]日志关闭

[2023- 7-25 12:13:51][  79][    cpp|CBaseLog::LogOpenFile]---[64228:57948]日志系统初始化成功.
[2023- 7-25 14: 3:38][ 171][    og.cpp|CBaseLog::LogClose]---[64228:57948]日志关闭

[2023- 7-25 17:45: 4][  79][    cpp|CBaseLog::LogOpenFile]---[60456:59212]日志系统初始化成功.
