*** Using Compiler 'V5.06 update 7 (build 960)', folder: 'D:\Program Files (x86)\KEIL\MDK\ARM\ARMCC\Bin'
Build target 'Temolate'
compiling stm32f1xx_hal_cortex.c...
assembling startup_stm32f101xb.s...
compiling system_stm32f1xx.c...
compiling stm32f1xx_hal_gpio_ex.c...
compiling main.c...
compiling stm32f1xx_hal_iwdg.c...
compiling stm32f1xx_hal.c...
compiling stm32f1xx_hal_gpio.c...
compiling sys.c...
compiling stm32f1xx_hal_exti.c...
compiling stm32f1xx_hal_rcc_ex.c...
compiling delay.c...
compiling stm32f1xx_hal_dma.c...
compiling stm32f1xx_it.c...
compiling stm32f1xx_hal_rcc.c...
compiling stm32f1xx_hal_tim_ex.c...
compiling stm32f1xx_hal_uart.c...
compiling OLED_Data.c...
compiling stm32f1xx_hal_tim.c...
compiling EnvProto.c...
compiling stm32f1xx_hal_usart.c...
compiling stm32f1xx_hal_adc.c...
compiling stm32f1xx_hal_adc_ex.c...
compiling KEY.c...
compiling Zigbee.c...
compiling Menu.c...
compiling OLED.c...
compiling DS18B20.c...
compiling SlaveApp.c...
compiling stm32f1xx_hal_i2c.c...
compiling MenuFramework.c...
linking...
Program Size: Code=20096 RO-data=3224 RW-data=104 ZI-data=4568  
FromELF: creating hex file...
"..\..\Output\Objects\Project.axf" - 0 Error(s), 0 Warning(s).
Build Time Elapsed:  00:00:04
